python : Traceback 
(most recent call 
last):
At line:1 char:1
+ python -c "import 
google.generativeai" 
2> error_log.txt
+ ~~~~~~~~~~~~~~~~~~~~
~~~~~~~~~~~~~~~~~~~~~~
~~~~~~~~~~~~~
    + CategoryInfo    
          : NotSpeci  
  fied: (Traceback    
 (most recent call    
 last)::String) [    
], RemoteExceptio    n
    + FullyQualifiedE 
   rrorId : NativeCo  
  mmandError
 
  File "<string>", 
line 1, in <module>
    import 
google.generativeai
  File "C:\Users\LENOV
O\AppData\Roaming\Pyth
on\Python314\site-pack
ages\google\generative
ai\__init__.py", line 
45, in <module>
    from 
google.generativeai 
import types
  File "C:\Users\LENOV
O\AppData\Roaming\Pyth
on\Python314\site-pack
ages\google\generative
ai\types\__init__.py",
 line 17, in <module>
    from google.genera
tiveai.types.discuss_t
ypes import *
  File "C:\Users\LENOV
O\AppData\Roaming\Pyth
on\Python314\site-pack
ages\google\generative
ai\types\discuss_types
.py", line 22, in 
<module>
    import google.ai.g
enerativelanguage as 
glm
  File "C:\Users\LENOV
O\AppData\Roaming\Pyth
on\Python314\site-pack
ages\google\ai\generat
ivelanguage\__init__.p
y", line 21, in 
<module>
    from google.ai.gen
erativelanguage_v1beta
.services.discuss_serv
ice.async_client 
import (
        DiscussService
AsyncClient,
    )
  File "C:\Users\LENOV
O\AppData\Roaming\Pyth
on\Python314\site-pack
ages\google\ai\generat
ivelanguage_v1beta\__i
nit__.py", line 21, 
in <module>
    from .services.dis
cuss_service import Di
scussServiceAsyncClien
t, 
DiscussServiceClient
  File "C:\Users\LENOV
O\AppData\Roaming\Pyth
on\Python314\site-pack
ages\google\ai\generat
ivelanguage_v1beta\ser
vices\discuss_service\
__init__.py", line 
16, in <module>
    from 
.async_client import D
iscussServiceAsyncClie
nt
  File "C:\Users\LENOV
O\AppData\Roaming\Pyth
on\Python314\site-pack
ages\google\ai\generat
ivelanguage_v1beta\ser
vices\discuss_service\
async_client.py", 
line 31, in <module>
    from 
google.api_core 
import exceptions as 
core_exceptions
  File "C:\Users\LENOV
O\AppData\Roaming\Pyth
on\Python314\site-pack
ages\google\api_core\e
xceptions.py", line 
29, in <module>
    from google.rpc 
import 
error_details_pb2
  File "C:\Users\LENOV
O\AppData\Roaming\Pyth
on\Python314\site-pack
ages\google\rpc\error_
details_pb2.py", line 
21, in <module>
    from 
google.protobuf 
import descriptor as 
_descriptor
  File "C:\Users\LENOV
O\AppData\Roaming\Pyth
on\Python314\site-pack
ages\google\protobuf\d
escriptor.py", line 
17, in <module>
    from google.protob
uf.internal import 
api_implementation
  File "C:\Users\LENOV
O\AppData\Roaming\Pyth
on\Python314\site-pack
ages\google\protobuf\i
nternal\api_implementa
tion.py", line 51, in 
<module>
    if _CanImport('goo
gle._upb._message'):
       ~~~~~~~~~~^^^^^
^^^^^^^^^^^^^^^^^^^
  File "C:\Users\LENOV
O\AppData\Roaming\Pyth
on\Python314\site-pack
ages\google\protobuf\i
nternal\api_implementa
tion.py", line 41, in 
_CanImport
    mod = importlib.im
port_module(mod_name)
  File "C:\Python314\L
ib\importlib\__init__.
py", line 88, in 
import_module
    return _bootstrap.
_gcd_import(name[level
:], package, level)
           ~~~~~~~~~~~
~~~~~~~~~~~^^^^^^^^^^^
^^^^^^^^^^^^^^^^^^^
TypeError: 
Metaclasses with 
custom tp_new are not 
supported.
